// Jest Snapshot v1, https://goo.gl/fbAQLP

exports[`markdown rendering renders identital markdown without translations 1`] = `
"# title
hello, world"
`;

exports[`markdown rendering renders translated text instead of hashes 1`] = `
"# Heading 1
Paragraph
- First list item
- Second list item
Heading 2
-----------
Paragraph with **bold text** and *italics*

Also key features of the project structure highlight extremely interesting features of the picture as a whole. Sentences add up to paragraphs — and you will enjoy another delirium.
> text inside of the blockquote
1. First ordered list item
2. Second ordered list item

[Link text. Link text continued.](files/file.md \\"Link description. Link description continued.\\")

![Alternative image text Alt. text continued](files/image.png \\"Image title Image title continued\\")"
`;

exports[`markdown rendering renders translated text instead of hashes, ignoring {% include ... %} syntax in text 1`] = `
"{% include notitle [Description](../_includes/file.md) %}

{% include [Description](../_includes/file.md) %}"
`;

exports[`markdown rendering renders translated text instead of hashes, with anchors syntax in text 1`] = `
"# heading with implicit anchor
paragraph
## heading with explicit anchor {#anchor}"
`;

exports[`markdown rendering renders translated text instead of hashes, with checkbox syntax in text 1`] = `
"[ ] first

[x] second
- [_] to be done underscore
- [-] to be done dash
- [ ] to be done space
- [x] done cross
- [X] done capital cross

- list element
  - [x] done
  - [ ] to be done"
`;

exports[`markdown rendering renders translated text instead of hashes, with cuts in text 1`] = `
"
{% cut \\"Cut Title\\" %}

Content inside of the cut

{% endcut %}"
`;

exports[`markdown rendering renders translated text instead of hashes, with file syntax in text 1`] = `"{% file src=\\"sample-file\\" name=\\"file.zip\\" type=\\"application/zip\\" %} text {% file src=\\"sample-file\\" name=\\"file2.zip\\" type=\\"application/zip\\" %}"`;

exports[`markdown rendering renders translated text instead of hashes, with gfm tables in text 1`] = `
"|Header 1|Header 2|
|-----------|-----------|
|[link text](https://www.google.com)|**bold text**|
|![image text](image.png \\"hint\\")|*italics*|
"
`;

exports[`markdown rendering renders translated text instead of hashes, with imsize syntax in text 1`] = `"paragraph with ![image inside](image.png \\"alt text\\" =13x37) with width and height specified"`;

exports[`markdown rendering renders translated text instead of hashes, with liquid conditionals in text 1`] = `
"# Титул Документа
{% if OS == 'iOS' %}

Скачайте приложение из  [{{ ios-marketplace }} Стора](https://www.apple.com/ios/app-store).

{% else %}

Скачайте приложение из  [{{ other-marketplace }} Стора](https://play.google.com).

Какой-то текст {% if  OS == 'iOS' %} Apple {% else %} Android {% endif %} Продолжение текста.

{% endif %}"
`;

exports[`markdown rendering renders translated text instead of hashes, with liquid filters in text 1`] = `
"Титул Документа
Привет {{ user.name | capitalize }}!

всего пользователей: {{ users | length }}"
`;

exports[`markdown rendering renders translated text instead of hashes, with liquid functions in text 1`] = `
"Титул Документа
Привет П{{ user.name.slice(1) }}!

Привет П{{ user.name.slice(1, 2) }}вел!"
`;

exports[`markdown rendering renders translated text instead of hashes, with liquid variables in text 1`] = `
"# {{ service-name }} Сервис
Попробуйте {{ service-name }} и расскажите нам что вы думаете о нём.

Также присмотритесь к [{{ other-service-name }}](files/file.md \\"{{ other-service-name }} описание\\")

![скриншот использования {{ service-name }}](files/image.png \\"{{ service-name }} в действие\\")"
`;

exports[`markdown rendering renders translated text instead of hashes, with meta in text 1`] = `
"---
title: Creation of the Windows virtual machine
description: >-
  Create Windows virtual machine with {{ compute-short-name }} service. You can
  connect to the virtual machine using Remote Desktop Protocol (RDP). Before
  connecting ensure that NLA is enabled.
key: |
  Sammy Sosa

  Let's Goooo
seq:
  - windows
  - windows vm
  - windows vm
  - windows virtual machine
  - virtual machine
  - vm
seq_of_mappings:
  - name: Mark
    age: 13
  - name: Noam
    age: 99
object_inline:
  name: John Smith
  age: 33
array_inline:
  - milk
  - pumpkin pie
  - eggs
  - juice
seq_of_seq:
  - - Mark McGwire
    - 65
    - 0.278
  - - Sammy Sosa
    - 63
    - 0.288
nesting:
  - children:
      - name: bob
      - name: marry
---
# Meta
Comments and metadata - not displayed in the final file. They are used to make comments for other writers or set meta into final html for seo."
`;

exports[`markdown rendering renders translated text instead of hashes, with monospace syntax in text 1`] = `
"##monospace##
this ##is## mono**space** he##he##he
[hello ##world## i'm ##fine##](href \\"hint\\")"
`;

exports[`markdown rendering renders translated text instead of hashes, with multiline tables syntax in text 1`] = `
"#|
||
**First Heading**
|
**Second Heading**
||
||
first cell text
|
second cell text
||
|#

- text before table

  #|
  ||
  First Heading
  |
  Second Heading
  ||
  ||
  first cell text
  |
  second cell text
  ||
  |#

  text after table"
`;

exports[`markdown rendering renders translated text instead of hashes, with notes in text 1`] = `
"
{% note info \\"Information\\" %}

information

{% endnote %}
- list with note inside

  {% note alert \\"Alert\\" %}

  alert

  {% endnote %}"
`;

exports[`markdown rendering renders translated text instead of hashes, with ref links({#T}) syntax in text 1`] = `"paragraph with ref link [{#T}](file.md \\"title\\") paragraph continuation"`;

exports[`markdown rendering renders translated text instead of hashes, with striketrough syntax in text 1`] = `
"~~striketrough~~
[hello ~~world~~ i'm ~~fine~~](href \\"hint\\")"
`;

exports[`markdown rendering renders translated text instead of hashes, with sup syntax in text 1`] = `
"paragraph of text 1^st^ line
this is 2^nd^ line
[1^st^ link inside the paragraph](file.md)"
`;

exports[`markdown rendering renders translated text instead of hashes, with tabs syntax in text 1`] = `
"{% list tabs %}

- First tab

  text of the first tab
  - list inside the tab
    
    content inside the list
- Second tab

  text of the second tab

{% endlist %}
"
`;

exports[`markdown rendering renders translated text instead of hashes, with video syntax in text 1`] = `
"@[youtube](https://www.youtube.com/video?v=dQw4w9WgXcQ) text after
@[youtube](dQw4w9WgXcQ)"
`;

exports[`markdown rendering renders translated txt instead of hashes, with liquid loops in text 1`] = `
"# Титул Документа
{% for element in array %}

Какой-то текст {{ variable_name }} продолжение текста.

{% endfor %}

Перед однострочным циклом {% for element in array %} текст внутри содержащий {{variable}} {% endfor %} после однострочного цикла"
`;
